#chr	pos	key	total_ref_count	total_alt_count
1	14633	62848256442368	18	2
1	14631	62839666507776	16	0
1	14630	62835371540480	45	20
1	14626	62818191671296	30	109
1	250000000	1073741824000000000	29	4
X	200	858993459222	42	15
X	100	429496729622	42	21
1	1	4294967296	36	1
